00000000 fe 99 df 2c 78 a2 01 b0 3e 8b da 54 f3 20 3f b7 
00000010 79 b3 
00000012
