00000000 07 13 99 37 ef cf 40 cc 05 12 8a 
0000000b
