00000000 a8 75 29 70 94 2e fe 6a fb d0 d8 3e 20 17 b6 41 
00000010 21 bd 84 0d 4f 09 a1 11 77 05 1a 4c 40 cd ba d1 
00000020 74 f6 a9 68 c1 3a a5 41 1c 6a 1e c9 4a d4 f7 0c 
00000030 37 d0 22 7c e2 e7 49 5a 45 6f d2 4e ea c3 af 60 
00000040
